[dbk4.kiev.ua/index.html]
[dbk4.kiev.ua/assets/site/img/favicon.ico]
[backblue.gif]
[fade.gif]
[index.html]
[dbk4.kiev.ua/assets/site/css/style.css]
[dbk4.kiev.ua/assets/site/fotorama/fotorama.css]
[dbk4.kiev.ua/assets/site/css/jscrollpane.css]
[dbk4.kiev.ua/assets/site/js/jquery-1.7.2.min.js]
[dbk4.kiev.ua/assets/site/fotorama/fotorama.js]
[dbk4.kiev.ua/assets/site/js/jcarousel.js]
[dbk4.kiev.ua/assets/site/js/myquery.js]
[connect.facebook.net/ru_RU/all.js]
[dbk4.kiev.ua/assets/site/img/logo.png]
[dbk4.kiev.ua/ua/index.html]
[dbk4.kiev.ua/produkciya.html]
[dbk4.kiev.ua/gallereya.html]
[dbk4.kiev.ua/ogoloshennya.html]
[dbk4.kiev.ua/contacts.html]
[dbk4.kiev.ua/akcii.html]
[dbk4.kiev.ua/akcii/skidka.html]
[dbk4.kiev.ua/akcii/akciya_2.html]
[dbk4.kiev.ua/download1481.html]
[dbk4.kiev.ua/downloadb27d.html]
[dbk4.kiev.ua/downloada7b9.html]
[dbk4.kiev.ua/assets/images/beton.jpg]
[dbk4.kiev.ua/produkciya/beton.html]
[dbk4.kiev.ua/assets/images/zbv.jpg]
[dbk4.kiev.ua/produkciya/zalizobeton.html]
[dbk4.kiev.ua/assets/images/04.jpg]
[dbk4.kiev.ua/produkciya/perevezennya.html]
[dbk4.kiev.ua/produkciya/keramzitobeton.html]
[dbk4.kiev.ua/assets/images/29-2.png]
[dbk4.kiev.ua/about.html]
[dbk4.kiev.ua/gallereya/nashi-obyekty.html]
[dbk4.kiev.ua/assets/images/gallery/gallery1/01.jpg]
[dbk4.kiev.ua/assets/images/gallery/gallery1/02.jpg]
[dbk4.kiev.ua/assets/images/gallery/gallery1/03.jpg]
[dbk4.kiev.ua/assets/images/gallery/gallery1/04.jpg]
[dbk4.kiev.ua/assets/images/gallery/gallery1/05.jpg]
[dbk4.kiev.ua/ua/produkciya.html]
[dbk4.kiev.ua/ua/gallereya.html]
[dbk4.kiev.ua/ua/ogoloshennya.html]
[dbk4.kiev.ua/ua/contacts.html]
[istat24.com/js/replace.js]
[www.googleadservices.com/pagead/f.txt]
[dbk4.kiev.ua/index.html]
[dbk4.kiev.ua/assets/site/img/bg.png]
[dbk4.kiev.ua/assets/site/img/li.png]
[dbk4.kiev.ua/assets/site/img/header.png]
[dbk4.kiev.ua/assets/site/img/nav-li.png]
[dbk4.kiev.ua/assets/site/img/strelko.png]
[dbk4.kiev.ua/assets/site/img/strelko2.png]
[dbk4.kiev.ua/assets/site/img/left-block-bg.png]
[dbk4.kiev.ua/assets/site/img/left-block-bg2.png]
[dbk4.kiev.ua/assets/site/img/left-block-bg-top.png]
[dbk4.kiev.ua/assets/site/img/button.png]
[dbk4.kiev.ua/assets/site/img/input.png]
[dbk4.kiev.ua/assets/site/img/area.png]
[dbk4.kiev.ua/assets/site/img/g-ramka.png]
[dbk4.kiev.ua/assets/site/img/img-on.png]
[dbk4.kiev.ua/assets/site/img/news-ramka.png]
[dbk4.kiev.ua/assets/site/img/footer-i.png]
[dbk4.kiev.ua/assets/site/css/style.css]
[dbk4.kiev.ua/assets/site/fotorama/fotorama.css]
[dbk4.kiev.ua/assets/site/css/jscrollpane.css]
[dbk4.kiev.ua/assets/site/js/jquery-1.7.2.min.js]
[dbk4.kiev.ua/assets/site/fotorama/fotorama.js]
[dbk4.kiev.ua/assets/site/js/jcarousel.js]
[dbk4.kiev.ua/assets/site/js/myquery.js]
[dbk4.kiev.ua/restserver.php]
[dbk4.kiev.ua/ABCDEFGHIJKLMNOPQRSTUVWXYZabcdefghijklmnopqrstuvwxyz0123456789+/index.html]
[connect.facebook.net/ru_RU/all.js]
[dbk4.kiev.ua/^([^_/indexd41d.html]
[dbk4.kiev.ua/dialog/index.html]
[dbk4.kiev.ua/ua/akcii.html]
[dbk4.kiev.ua/ua/akcii/skidka.html]
[dbk4.kiev.ua/ua/akcii/akciya_2.html]
[dbk4.kiev.ua/ua/produkciya/beton.html]
[dbk4.kiev.ua/ua/produkciya/zalizobeton.html]
[dbk4.kiev.ua/ua/produkciya/perevezennya.html]
[dbk4.kiev.ua/ua/produkciya/keramzitobeton.html]
[dbk4.kiev.ua/ua/about.html]
[dbk4.kiev.ua/ua/index.html]
[dbk4.kiev.ua/produkciya.html]
[dbk4.kiev.ua/assets/images/gallery/04.jpg]
[dbk4.kiev.ua/ua/gallereya/nashi-obyekty.html]
[dbk4.kiev.ua/assets/images/gallery/02.jpg]
[dbk4.kiev.ua/gallereya/nasha-produkciya.html]
[dbk4.kiev.ua/assets/images/gallery/03.jpg]
[dbk4.kiev.ua/gallereya/nash-zavod.html]
[dbk4.kiev.ua/gallereya.html]
[dbk4.kiev.ua/ogoloshennya.html]
[dbk4.kiev.ua/assets/images/proezd1.gif]
[dbk4.kiev.ua/contacts.html]
[dbk4.kiev.ua/akcii.html]
[dbk4.kiev.ua/download4e3a.html]
[dbk4.kiev.ua/akcii/skidka.html]
[dbk4.kiev.ua/produkciya/zalizobeton/plyty.html]
[dbk4.kiev.ua/akcii/akciya_2.html]
[dbk4.kiev.ua/assets/files/price_beton.doc]
[dbk4.kiev.ua/download1481.html]
[dbk4.kiev.ua/assets/files/price_zb.doc]
[dbk4.kiev.ua/downloadb27d.html]
[dbk4.kiev.ua/assets/files/price_mikser.doc]
[dbk4.kiev.ua/downloada7b9.html]
[dbk4.kiev.ua/assets/images/download.png]
[dbk4.kiev.ua/assets/images/Dostavka_betona.png]
[dbk4.kiev.ua/produkciya/beton.html]
[dbk4.kiev.ua/produkciya/zalizobeton/peremychky.html]
[dbk4.kiev.ua/assets/images/peremichki2.jpg]
[dbk4.kiev.ua/assets/images/plita_pere.jpg]
[dbk4.kiev.ua/produkciya/zalizobeton/fundament.html]
[dbk4.kiev.ua/produkciya/zalizobeton/kilcya.html]
[dbk4.kiev.ua/assets/images/fbs.png]
[dbk4.kiev.ua/assets/images/kolco.jpg]
[dbk4.kiev.ua/produkciya/zalizobeton.html]
[dbk4.kiev.ua/produkciya/perevezennya.html]
[dbk4.kiev.ua/produkciya/keramzitobeton.html]
[dbk4.kiev.ua/assets/images/muloslavichi.jpg]
[dbk4.kiev.ua/about.html]
[dbk4.kiev.ua/assets/images/gallery/_thumbnails/gallery1/01.jpg]
[dbk4.kiev.ua/assets/images/gallery/_thumbnails/gallery1/02.jpg]
[dbk4.kiev.ua/assets/images/gallery/_thumbnails/gallery1/03.jpg]
[dbk4.kiev.ua/assets/images/gallery/_thumbnails/gallery1/04.jpg]
[dbk4.kiev.ua/assets/images/gallery/_thumbnails/gallery1/05.jpg]
[dbk4.kiev.ua/assets/images/gallery/gallery1/06.jpg]
[dbk4.kiev.ua/assets/images/gallery/_thumbnails/gallery1/06.jpg]
[dbk4.kiev.ua/assets/images/gallery/gallery1/07.jpg]
[dbk4.kiev.ua/assets/images/gallery/_thumbnails/gallery1/07.jpg]
[dbk4.kiev.ua/assets/images/gallery/gallery1/08.jpg]
[dbk4.kiev.ua/assets/images/gallery/_thumbnails/gallery1/08.jpg]
[dbk4.kiev.ua/assets/images/gallery/gallery1/09.jpg]
[dbk4.kiev.ua/assets/images/gallery/_thumbnails/gallery1/09.jpg]
[dbk4.kiev.ua/assets/images/gallery/gallery1/10.jpg]
[dbk4.kiev.ua/assets/images/gallery/_thumbnails/gallery1/10.jpg]
[dbk4.kiev.ua/assets/images/gallery/gallery1/11.jpg]
[dbk4.kiev.ua/assets/images/gallery/_thumbnails/gallery1/11.jpg]
[dbk4.kiev.ua/assets/images/gallery/gallery1/12.jpg]
[dbk4.kiev.ua/assets/images/gallery/_thumbnails/gallery1/12.jpg]
[dbk4.kiev.ua/assets/images/gallery/gallery1/13.jpg]
[dbk4.kiev.ua/assets/images/gallery/_thumbnails/gallery1/13.jpg]
[dbk4.kiev.ua/assets/images/gallery/gallery1/14.jpg]
[dbk4.kiev.ua/assets/images/gallery/_thumbnails/gallery1/14.jpg]
[dbk4.kiev.ua/assets/images/gallery/gallery1/15.jpg]
[dbk4.kiev.ua/assets/images/gallery/_thumbnails/gallery1/15.jpg]
[dbk4.kiev.ua/assets/images/gallery/gallery1/16.jpg]
[dbk4.kiev.ua/assets/images/gallery/_thumbnails/gallery1/16.jpg]
[dbk4.kiev.ua/assets/images/gallery/gallery1/17.jpg]
[dbk4.kiev.ua/assets/images/gallery/_thumbnails/gallery1/17.jpg]
[dbk4.kiev.ua/gallereya/nashi-obyekty.html]
[dbk4.kiev.ua/ua/produkciya.html]
[dbk4.kiev.ua/ua/gallereya/nasha-produkciya.html]
[dbk4.kiev.ua/ua/gallereya.html]
[dbk4.kiev.ua/ua/gallereya/nash-zavod.html]
[dbk4.kiev.ua/ua/ogoloshennya.html]
[dbk4.kiev.ua/ua/contacts.html]
[dbk4.kiev.ua/ABCDEFGHIJKLMNOPQRSTUVWXYZabcdefghijklmnopqrstuvwxyz0123456789+/index.html]
[dbk4.kiev.ua/^([^_/indexd41d.html]
[dbk4.kiev.ua/restserver.html]
[dbk4.kiev.ua/dialog/index.html]
[dbk4.kiev.ua/%s/profile4d6d.html]
[dbk4.kiev.ua/ua/akcii.html]
[dbk4.kiev.ua/ua/akcii/skidka.html]
[dbk4.kiev.ua/ua/produkciya/zalizobeton/plyty.html]
[dbk4.kiev.ua/ua/akcii/akciya_2.html]
[dbk4.kiev.ua/ua/produkciya/beton.html]
[dbk4.kiev.ua/ua/produkciya/zalizobeton/peremychky.html]
[dbk4.kiev.ua/ua/produkciya/zalizobeton/fundament.html]
[dbk4.kiev.ua/ua/produkciya/zalizobeton.html]
[dbk4.kiev.ua/ua/produkciya/perevezennya.html]
[dbk4.kiev.ua/ua/produkciya/keramzitobeton.html]
[dbk4.kiev.ua/ua/about.html]
[dbk4.kiev.ua/ua/gallereya/nashi-obyekty.html]
[dbk4.kiev.ua/assets/images/gallery/gallery2/01.jpg]
[dbk4.kiev.ua/ua/produkciya/zalizobeton/kilcya.html]
[dbk4.kiev.ua/assets/images/gallery/_thumbnails/gallery2/01.jpg]
[dbk4.kiev.ua/assets/images/gallery/gallery2/02.jpg]
[dbk4.kiev.ua/assets/images/gallery/_thumbnails/gallery2/02.jpg]
[dbk4.kiev.ua/assets/images/gallery/gallery2/03.jpg]
[dbk4.kiev.ua/assets/images/gallery/_thumbnails/gallery2/03.jpg]
[dbk4.kiev.ua/assets/images/gallery/gallery2/04.jpg]
[dbk4.kiev.ua/assets/images/gallery/_thumbnails/gallery2/04.jpg]
[dbk4.kiev.ua/assets/images/gallery/gallery2/05.jpg]
[dbk4.kiev.ua/assets/images/gallery/_thumbnails/gallery2/05.jpg]
[dbk4.kiev.ua/gallereya/nasha-produkciya.html]
[dbk4.kiev.ua/assets/images/gallery/gallery3/01.jpg]
[dbk4.kiev.ua/assets/images/gallery/_thumbnails/gallery3/01.jpg]
[dbk4.kiev.ua/assets/images/gallery/gallery3/02.jpg]
[dbk4.kiev.ua/assets/images/gallery/_thumbnails/gallery3/02.jpg]
[dbk4.kiev.ua/assets/images/gallery/gallery3/03.jpg]
[dbk4.kiev.ua/assets/images/gallery/_thumbnails/gallery3/03.jpg]
[dbk4.kiev.ua/assets/images/gallery/gallery3/04.jpg]
[dbk4.kiev.ua/assets/images/gallery/_thumbnails/gallery3/04.jpg]
[dbk4.kiev.ua/assets/images/gallery/gallery3/05.jpg]
[dbk4.kiev.ua/assets/images/gallery/_thumbnails/gallery3/05.jpg]
[dbk4.kiev.ua/assets/images/gallery/gallery3/06.jpg]
[dbk4.kiev.ua/assets/images/gallery/_thumbnails/gallery3/06.jpg]
[dbk4.kiev.ua/assets/images/gallery/gallery3/07.jpg]
[dbk4.kiev.ua/assets/images/gallery/_thumbnails/gallery3/07.jpg]
[dbk4.kiev.ua/assets/images/gallery/gallery3/08.jpg]
[dbk4.kiev.ua/assets/images/gallery/_thumbnails/gallery3/08.jpg]
[dbk4.kiev.ua/assets/images/gallery/gallery3/09.jpg]
[dbk4.kiev.ua/assets/images/gallery/_thumbnails/gallery3/09.jpg]
[dbk4.kiev.ua/assets/images/gallery/gallery3/10.jpg]
[dbk4.kiev.ua/assets/images/gallery/_thumbnails/gallery3/10.jpg]
[dbk4.kiev.ua/assets/images/gallery/gallery3/11.jpg]
[dbk4.kiev.ua/assets/images/gallery/_thumbnails/gallery3/11.jpg]
[dbk4.kiev.ua/assets/images/gallery/gallery3/12.jpg]
[dbk4.kiev.ua/assets/images/gallery/_thumbnails/gallery3/12.jpg]
[dbk4.kiev.ua/assets/images/gallery/gallery3/13.jpg]
[dbk4.kiev.ua/assets/images/gallery/_thumbnails/gallery3/13.jpg]
[dbk4.kiev.ua/gallereya/nash-zavod.html]
[dbk4.kiev.ua/assets/files/c/price_beton_с.doc]
[dbk4.kiev.ua/download4e3a.html]
[dbk4.kiev.ua/assets/images/pk_.jpg]
[dbk4.kiev.ua/produkciya/zalizobeton/plyty.html]
[dbk4.kiev.ua/assets/images/peremich.jpg]
[dbk4.kiev.ua/produkciya/zalizobeton/peremychky.html]
[dbk4.kiev.ua/akcii/akciya_1.html]
[dbk4.kiev.ua/produkciya/zalizobeton/fundament.html]
[dbk4.kiev.ua/assets/images/fb.jpg]
[dbk4.kiev.ua/assets/images/KS2.jpg]
[dbk4.kiev.ua/assets/images/KPP2.jpg]
[dbk4.kiev.ua/assets/images/PN.jpg]
[dbk4.kiev.ua/produkciya/zalizobeton/kilcya.html]
[dbk4.kiev.ua/ua/gallereya/nasha-produkciya.html]
[dbk4.kiev.ua/ua/gallereya/nash-zavod.html]
[dbk4.kiev.ua/ua/produkciya/zalizobeton/plyty.html]
[dbk4.kiev.ua/ua/produkciya/zalizobeton/peremychky.html]
[dbk4.kiev.ua/ua/akcii/akciya_1.html]
[dbk4.kiev.ua/ua/produkciya/zalizobeton/fundament.html]
[dbk4.kiev.ua/ua/produkciya/zalizobeton/kilcya.html]
[dbk4.kiev.ua/akcii/akciya_1.html]
[dbk4.kiev.ua/ua/akcii/akciya_1.html]
